{
    "sarscov2": {
        "content": [
            {
                "0": [
                    [
                        {
                            "id": "test",
                            "single_end": false
                        },
                        "test.coverage.bed:md5,3d7e917f97bcb728510b614aa117193b"
                    ]
                ],
                "1": [
                    "versions.yml:md5,53d0ba29bf99f699cf0ddd862514e897"
                ],
                "bed": [
                    [
                        {
                            "id": "test",
                            "single_end": false
                        },
                        "test.coverage.bed:md5,3d7e917f97bcb728510b614aa117193b"
                    ]
                ],
                "versions": [
                    "versions.yml:md5,53d0ba29bf99f699cf0ddd862514e897"
                ]
            }
        ],
        "timestamp": "2023-11-28T15:09:42.980001"
    },
    "sarscov2 - fai": {
        "content": [
            {
                "0": [
                    [
                        {
                            "id": "test",
                            "single_end": false
                        },
                        "test.coverage.bed:md5,3d7e917f97bcb728510b614aa117193b"
                    ]
                ],
                "1": [
                    "versions.yml:md5,53d0ba29bf99f699cf0ddd862514e897"
                ],
                "bed": [
                    [
                        {
                            "id": "test",
                            "single_end": false
                        },
                        "test.coverage.bed:md5,3d7e917f97bcb728510b614aa117193b"
                    ]
                ],
                "versions": [
                    "versions.yml:md5,53d0ba29bf99f699cf0ddd862514e897"
                ]
            }
        ],
        "timestamp": "2023-11-28T15:09:48.727663"
    }
}