{
    "sarscov2": {
        "content": [
            {
                "0": [
                    [
                        {
                            "id": "test_out"
                        },
                        "test_out.bed:md5,d71df7e47aec0661c27b71e483e727f9"
                    ]
                ],
                "1": [
                    "versions.yml:md5,ebeb540e06ba9f7ea2a631e5a97a996d"
                ],
                "bed": [
                    [
                        {
                            "id": "test_out"
                        },
                        "test_out.bed:md5,d71df7e47aec0661c27b71e483e727f9"
                    ]
                ],
                "versions": [
                    "versions.yml:md5,ebeb540e06ba9f7ea2a631e5a97a996d"
                ]
            }
        ],
        "timestamp": "2023-11-28T14:01:48.198092"
    }
}