{
    "homo_sapiens - vcf": {
        "content": [
            {
                "0": [
                    [
                        {
                            "id": "test"
                        },
                        "test.bed:md5,85a5cee50322ab15f384df7826164d64"
                    ]
                ],
                "1": [
                    "versions.yml:md5,21b18c873c7ca8f5166982532fd82266"
                ],
                "output": [
                    [
                        {
                            "id": "test"
                        },
                        "test.bed:md5,85a5cee50322ab15f384df7826164d64"
                    ]
                ],
                "versions": [
                    "versions.yml:md5,21b18c873c7ca8f5166982532fd82266"
                ]
            }
        ],
        "timestamp": "2023-11-28T15:02:05.619655"
    },
    "homo_sapiens - fai": {
        "content": [
            {
                "0": [
                    [
                        {
                            "id": "test"
                        },
                        "test.bed:md5,347f192c141a34dfc4bb7c13fffd44bb"
                    ]
                ],
                "1": [
                    "versions.yml:md5,21b18c873c7ca8f5166982532fd82266"
                ],
                "output": [
                    [
                        {
                            "id": "test"
                        },
                        "test.bed:md5,347f192c141a34dfc4bb7c13fffd44bb"
                    ]
                ],
                "versions": [
                    "versions.yml:md5,21b18c873c7ca8f5166982532fd82266"
                ]
            }
        ],
        "timestamp": "2023-11-28T15:01:59.924973"
    },
    "homo_sapiens": {
        "content": [
            {
                "0": [
                    [
                        {
                            "id": "test"
                        },
                        "test.bed:md5,de47864c0ae53891d09252eb63cd7269"
                    ]
                ],
                "1": [
                    "versions.yml:md5,21b18c873c7ca8f5166982532fd82266"
                ],
                "output": [
                    [
                        {
                            "id": "test"
                        },
                        "test.bed:md5,de47864c0ae53891d09252eb63cd7269"
                    ]
                ],
                "versions": [
                    "versions.yml:md5,21b18c873c7ca8f5166982532fd82266"
                ]
            }
        ],
        "timestamp": "2023-11-28T15:01:54.666124"
    }
}