{
    "sarscov2 - bam": {
        "content": [
            {
                "0": [
                    [
                        {
                            "id": "test"
                        },
                        "test.bed:md5,f7d05b790b2c1c8e598d52828e7f81b7"
                    ]
                ],
                "1": [
                    "versions.yml:md5,e29715f565af87152acbbc4a02e8ba64"
                ],
                "bed": [
                    [
                        {
                            "id": "test"
                        },
                        "test.bed:md5,f7d05b790b2c1c8e598d52828e7f81b7"
                    ]
                ],
                "versions": [
                    "versions.yml:md5,e29715f565af87152acbbc4a02e8ba64"
                ]
            }
        ],
        "timestamp": "2023-11-28T12:07:27.583974"
    }
}