{
    "sarscov2 - dummy sizes": {
        "content": [
            {
                "0": [
                    [
                        {
                            "id": "test"
                        },
                        "test.coverage.txt:md5,01291b6e1beab72e046653e709eb0e10"
                    ]
                ],
                "1": [
                    "versions.yml:md5,6c8465bf1854d50c88d5dc9b51a53cd5"
                ],
                "genomecov": [
                    [
                        {
                            "id": "test"
                        },
                        "test.coverage.txt:md5,01291b6e1beab72e046653e709eb0e10"
                    ]
                ],
                "versions": [
                    "versions.yml:md5,6c8465bf1854d50c88d5dc9b51a53cd5"
                ]
            }
        ],
        "timestamp": "2023-11-28T16:51:03.984212"
    },
    "sarscov2 - scale": {
        "content": [
            {
                "0": [
                    [
                        {
                            "id": "test"
                        },
                        "test.coverage.txt:md5,de3c59c0ea123bcdbbad27bc0a0a601e"
                    ]
                ],
                "1": [
                    "versions.yml:md5,6c8465bf1854d50c88d5dc9b51a53cd5"
                ],
                "genomecov": [
                    [
                        {
                            "id": "test"
                        },
                        "test.coverage.txt:md5,de3c59c0ea123bcdbbad27bc0a0a601e"
                    ]
                ],
                "versions": [
                    "versions.yml:md5,6c8465bf1854d50c88d5dc9b51a53cd5"
                ]
            }
        ],
        "timestamp": "2023-11-28T16:51:09.185454"
    },
    "sarscov2 - no scale": {
        "content": [
            {
                "0": [
                    [
                        {
                            "id": "test"
                        },
                        "test.coverage.txt:md5,66083198daca6c001d328ba9616e9b53"
                    ]
                ],
                "1": [
                    "versions.yml:md5,6c8465bf1854d50c88d5dc9b51a53cd5"
                ],
                "genomecov": [
                    [
                        {
                            "id": "test"
                        },
                        "test.coverage.txt:md5,66083198daca6c001d328ba9616e9b53"
                    ]
                ],
                "versions": [
                    "versions.yml:md5,6c8465bf1854d50c88d5dc9b51a53cd5"
                ]
            }
        ],
        "timestamp": "2023-11-28T16:50:58.794791"
    }
}